RAM Allocation [bytes]
Variable                                                                          Address   Size
------------------------------------------------------------------------------------------------
u32_offset                                                                        0x0B50       4
fat                                                                               0x0B54      44
u8_Sd_File_Buffer                                                                 0x0B80     512
__AddrToZ24ByteToSPMCR_SPM_E                                                      0x0D80       2
__AddrToZ24ByteToSPMCR_SPM_EW                                                     0x0D82       2
CardType                                                                          0x0D84       1
wc                                                                                0x0D85       2
FatFs                                                                             0x0D87       2

EEPROM Allocation [bytes]
Variable                                                                          Address   Size
------------------------------------------------------------------------------------------------
_EepromBackup                                                                     0x000A     263

Register Allocation
Variable                                                                          Register  Size
------------------------------------------------------------------------------------------------
retry                                                                             R4,R5        2
res                                                                               R7           1
nbytes                                                                            R8,R9        2
__AddrToZ24WordToR1R0ByteToSPMCR_SPM_F                                            R10,R11      2
__AddrToZ24ByteToSPMCR_SPM_W                                                      R12,R13      2

FLASH Allocation [words]
Function                                                                          Address   Size
------------------------------------------------------------------------------------------------
DebugBlinkLed                                                                     0x00242     30
error                                                                             0x00260      2
DebugPrintString                                                                  0x00262      2
FindFileName                                                                      0x00264     67
SdDataFileStatus                                                                  0x002A7     32
SdUpdateStatus                                                                    0x002C7    209
SdDataFileRead                                                                    0x00398     55
SdDataFileWrite                                                                   0x003CF     48
SdUpdateFileWrite                                                                 0x003FF     50
SdUpdateFileComplete                                                              0x00431     17
SdDataErase                                                                       0x00442     80
UnitTest1                                                                         0x00492     75
main                                                                              0x004DD     26
INIT_SPI                                                                          0x004F7     11
xmit_spi                                                                          0x00502      7
release_spi_G002                                                                  0x00512      2
send_cmd_G002                                                                     0x00514     67
disk_initialize                                                                   0x00557    152
disk_readp                                                                        0x005EF     99
disk_writep                                                                       0x00652    117
mem_set_G003                                                                      0x006C7     25
mem_cmp_G003                                                                      0x006E0     38
get_fat_G003                                                                      0x00706    193
clust2sect_G003                                                                   0x007C7     61
dir_rewind_G003                                                                   0x00804     80
dir_next_G003                                                                     0x00854    118
dir_find_G003                                                                     0x008CA     67
dir_read_G003                                                                     0x0090D     66
create_name_G003                                                                  0x0094F    120
get_fileinfo_G003                                                                 0x009C7     97
follow_path_G003                                                                  0x00A28    110
check_fs_G003                                                                     0x00A96     60
pf_mount                                                                          0x00AD2    291
pf_open                                                                           0x00BF5     69
pf_read                                                                           0x00C3A    239
pf_write                                                                          0x00D29    269
pf_write512                                                                       0x00E36    123
pf_lseek                                                                          0x00EB1    233
pf_opendir                                                                        0x00F9A     48
pf_readdir                                                                        0x00FCA     58
pf_rename11                                                                       0x01004    191
strcmp                                                                            0x010C3     20
strlen                                                                            0x010D7     12
strncmp                                                                           0x010E3     25
