RAM Allocation [bytes]
Variable                                                                          Address   Size
------------------------------------------------------------------------------------------------
u32_offset                                                                        0x0B68       4
fat                                                                               0x0B6C      44
u8_Sd_File_Buffer                                                                 0x0B98     512
__AddrToZ24ByteToSPMCR_SPM_E                                                      0x0D98       2
__AddrToZ24ByteToSPMCR_SPM_EW                                                     0x0D9A       2
CardType                                                                          0x0D9C       1
wc                                                                                0x0D9D       2
FatFs                                                                             0x0D9F       2
_seed                                                                             0x0DA1       4
_base_y                                                                           0x0DA5       4
_lcd_y                                                                            0x0DA9       1
_lcd_maxx                                                                         0x0DAA       1

EEPROM Allocation [bytes]
Variable                                                                          Address   Size
------------------------------------------------------------------------------------------------
_EepromBackup                                                                     0x000A     263

Register Allocation
Variable                                                                          Register  Size
------------------------------------------------------------------------------------------------
retry                                                                             R4,R5        2
res                                                                               R7           1
nbytes                                                                            R8,R9        2
__AddrToZ24WordToR1R0ByteToSPMCR_SPM_F                                            R10,R11      2
__AddrToZ24ByteToSPMCR_SPM_W                                                      R12,R13      2
_lcd_x                                                                            R6           1

FLASH Allocation [words]
Function                                                                          Address   Size
------------------------------------------------------------------------------------------------
DebugBlinkLed                                                                     0x0032F      2
DebugPrintString                                                                  0x00331      2
FindFileName                                                                      0x0037F     67
SdDataFileStatus                                                                  0x003C2     31
SdUpdateStatus                                                                    0x003E1    308
SdDataFileRead                                                                    0x00515     61
SdDataFileWrite                                                                   0x00552     60
SdDataErase                                                                       0x0058E     80
UnitTest1                                                                         0x005DE     59
main                                                                              0x00619     61
INIT_SPI                                                                          0x00656     11
xmit_spi                                                                          0x00661      8
release_spi_G002                                                                  0x00673      2
send_cmd_G002                                                                     0x00675     67
disk_initialize                                                                   0x006B8    152
disk_readp                                                                        0x00750     99
disk_writep                                                                       0x007B3    117
mem_set_G003                                                                      0x00828     25
mem_cmp_G003                                                                      0x00841     38
get_fat_G003                                                                      0x00867    193
clust2sect_G003                                                                   0x00928     61
dir_rewind_G003                                                                   0x00965     80
dir_next_G003                                                                     0x009B5    118
dir_find_G003                                                                     0x00A2B     67
dir_read_G003                                                                     0x00A6E     66
create_name_G003                                                                  0x00AB0    120
get_fileinfo_G003                                                                 0x00B28     97
follow_path_G003                                                                  0x00B89    110
check_fs_G003                                                                     0x00BF7     60
pf_mount                                                                          0x00C33    291
pf_open                                                                           0x00D56     69
pf_read                                                                           0x00D9B    239
pf_write                                                                          0x00E8A    269
pf_write512                                                                       0x00F97    123
pf_lseek                                                                          0x01012    229
pf_opendir                                                                        0x010F7     48
pf_readdir                                                                        0x01127     58
pf_rename11                                                                       0x01161    191
itoa                                                                              0x01220     46
strcmp                                                                            0x0124E     20
strlen                                                                            0x01262     12
strncmp                                                                           0x0126E     25
_lcd_write_nibble_G102                                                            0x01287     20
_lcd_write_data                                                                   0x0129B     12
lcd_gotoxy                                                                        0x012A7     15
lcd_clear                                                                         0x012B6     13
lcd_putchar                                                                       0x012C3     26
lcd_puts                                                                          0x012DD     17
lcd_putsf                                                                         0x012EE     26
lcd_init                                                                          0x01308     47
