RAM Allocation [bytes]
Variable                                                                          Address   Size
------------------------------------------------------------------------------------------------
u32_offset                                                                        0x0BB3       4
fat                                                                               0x0BB7      44
u8_Sd_File_Buffer                                                                 0x0BE3     512
__AddrToZ24ByteToSPMCR_SPM_E                                                      0x0DE3       2
__AddrToZ24ByteToSPMCR_SPM_EW                                                     0x0DE5       2
CardType                                                                          0x0DE7       1
wc                                                                                0x0DE8       2
FatFs                                                                             0x0DEA       2
_seed                                                                             0x0DEC       4
_base_y                                                                           0x0DF0       4
_lcd_y                                                                            0x0DF4       1
_lcd_maxx                                                                         0x0DF5       1

EEPROM Allocation [bytes]
Variable                                                                          Address   Size
------------------------------------------------------------------------------------------------
_EepromBackup                                                                     0x000A     263

Register Allocation
Variable                                                                          Register  Size
------------------------------------------------------------------------------------------------
retry                                                                             R4,R5        2
res                                                                               R7           1
nbytes                                                                            R8,R9        2
__AddrToZ24WordToR1R0ByteToSPMCR_SPM_F                                            R10,R11      2
__AddrToZ24ByteToSPMCR_SPM_W                                                      R12,R13      2
_lcd_x                                                                            R6           1

FLASH Allocation [words]
Function                                                                          Address   Size
------------------------------------------------------------------------------------------------
DebugBlinkLed                                                                     0x0035A      2
DebugPrintString                                                                  0x0035C      2
FindFileName                                                                      0x003AD     67
SdDataFileStatus                                                                  0x003F0     31
SdUpdateStatus                                                                    0x0040F    329
SdDataFileRead                                                                    0x00558     57
SdDataFileWrite                                                                   0x00591     58
SdRenameFile                                                                      0x005CB     27
SdDataErase                                                                       0x005E6     80
UnitTest1                                                                         0x00636     71
main                                                                              0x0067D     82
INIT_SPI                                                                          0x006CF     11
xmit_spi                                                                          0x006DA      8
release_spi_G002                                                                  0x006EC      2
send_cmd_G002                                                                     0x006EE     67
disk_initialize                                                                   0x00731    152
disk_readp                                                                        0x007C9     99
disk_writep                                                                       0x0082C    117
mem_set_G003                                                                      0x008A1     25
mem_cmp_G003                                                                      0x008BA     38
get_fat_G003                                                                      0x008E0    193
clust2sect_G003                                                                   0x009A1     61
dir_rewind_G003                                                                   0x009DE     80
dir_next_G003                                                                     0x00A2E    118
dir_find_G003                                                                     0x00AA4     67
dir_read_G003                                                                     0x00AE7     66
create_name_G003                                                                  0x00B29    120
get_fileinfo_G003                                                                 0x00BA1     97
follow_path_G003                                                                  0x00C02    110
check_fs_G003                                                                     0x00C70     54
pf_mount                                                                          0x00CA6    291
pf_open                                                                           0x00DC9     69
pf_read                                                                           0x00E0E    239
pf_write                                                                          0x00EFD    269
pf_write512                                                                       0x0100A    123
pf_lseek                                                                          0x01085    229
pf_opendir                                                                        0x0116A     48
pf_readdir                                                                        0x0119A     58
pf_rename11                                                                       0x011D4    191
itoa                                                                              0x01293     46
strcmp                                                                            0x012C1     20
strlen                                                                            0x012D5     12
strncmp                                                                           0x012E1     25
_lcd_write_nibble_G102                                                            0x012FA     20
_lcd_write_data                                                                   0x0130E     12
lcd_gotoxy                                                                        0x0131A     15
lcd_clear                                                                         0x01329     13
lcd_putchar                                                                       0x01336     26
lcd_puts                                                                          0x01350     17
lcd_putsf                                                                         0x01361     26
lcd_init                                                                          0x0137B     47
