RAM Allocation [bytes]
Variable                                                                          Address   Size
------------------------------------------------------------------------------------------------
testChar                                                                          0x0564       1

EEPROM Allocation [bytes]
Variable                                                                          Address   Size
------------------------------------------------------------------------------------------------
_EepromBackup                                                                     0x000A     263

Register Allocation
Variable                                                                          Register  Size
------------------------------------------------------------------------------------------------
__AddrToZ24WordToR1R0ByteToSPMCR_SPM_F                                            R4,R5        2
__AddrToZ24ByteToSPMCR_SPM_W                                                      R6,R7        2
__AddrToZ24ByteToSPMCR_SPM_E                                                      R8,R9        2
__AddrToZ24ByteToSPMCR_SPM_EW                                                     R10,R11      2

FLASH Allocation [words]
Function                                                                          Address   Size
------------------------------------------------------------------------------------------------
main                                                                              0x00084     76
ReadFlashBytes                                                                    0x000F8     48
WriteFlashBytes                                                                   0x0014E    154
WriteFlashPage                                                                    0x001E8     99
eepromBackup                                                                      0x0024B     58
AddressCheck                                                                      0x00285     29
