RAM Allocation [bytes]
Variable                                                                          Address   Size
------------------------------------------------------------------------------------------------
fat                                                                               0x0950      44
path                                                                              0x097C      64
text                                                                              0x09BC      12
buffer                                                                            0x09C8     256
testChar                                                                          0x0AC8       1
__AddrToZ24ByteToSPMCR_SPM_E                                                      0x0AC9       2
__AddrToZ24ByteToSPMCR_SPM_EW                                                     0x0ACB       2
FatFs                                                                             0x0ACD       2
CardType                                                                          0x0ACF       1
_seed                                                                             0x0AD0       4
_base_y                                                                           0x0AD4       4
_lcd_y                                                                            0x0AD8       1
_lcd_maxx                                                                         0x0AD9       1

EEPROM Allocation [bytes]
Variable                                                                          Address   Size
------------------------------------------------------------------------------------------------
_EepromBackup                                                                     0x000A     263

Register Allocation
Variable                                                                          Register  Size
------------------------------------------------------------------------------------------------
retry                                                                             R4,R5        2
res                                                                               R7           1
nbytes                                                                            R8,R9        2
__AddrToZ24WordToR1R0ByteToSPMCR_SPM_F                                            R10,R11      2
__AddrToZ24ByteToSPMCR_SPM_W                                                      R12,R13      2
_lcd_x                                                                            R6           1

FLASH Allocation [words]
Function                                                                          Address   Size
------------------------------------------------------------------------------------------------
main                                                                              0x001E7    117
ReadFlashBytes                                                                    0x0028A     49
WriteFlashBytes                                                                   0x002E4    166
WriteFlashPage                                                                    0x0038A    108
eepromBackup                                                                      0x003F6     61
AddressCheck                                                                      0x00433     30
_lcd_write_nibble_G103                                                            0x00451     20
_lcd_write_data                                                                   0x00465     12
lcd_gotoxy                                                                        0x00471     15
lcd_clear                                                                         0x00480     13
lcd_putchar                                                                       0x0048D     26
lcd_putsf                                                                         0x004A7     28
lcd_init                                                                          0x004C3     47
