RAM Allocation [bytes]
Variable                                                                          Address   Size
------------------------------------------------------------------------------------------------
fat                                                                               0x096A      44
path                                                                              0x0996      64
text                                                                              0x09D6      12
buffer                                                                            0x09E2     256
testChar                                                                          0x0AE2       1
__AddrToZ24ByteToSPMCR_SPM_E                                                      0x0AE3       2
__AddrToZ24ByteToSPMCR_SPM_EW                                                     0x0AE5       2
CardType                                                                          0x0AE7       1
wc                                                                                0x0AE8       2
FatFs                                                                             0x0AEA       2
_seed                                                                             0x0AEC       4
_base_y                                                                           0x0AF0       4
_lcd_y                                                                            0x0AF4       1
_lcd_maxx                                                                         0x0AF5       1

EEPROM Allocation [bytes]
Variable                                                                          Address   Size
------------------------------------------------------------------------------------------------
_EepromBackup                                                                     0x000A     263

Register Allocation
Variable                                                                          Register  Size
------------------------------------------------------------------------------------------------
retry                                                                             R4,R5        2
res                                                                               R7           1
nbytes                                                                            R8,R9        2
__AddrToZ24WordToR1R0ByteToSPMCR_SPM_F                                            R10,R11      2
__AddrToZ24ByteToSPMCR_SPM_W                                                      R12,R13      2
_lcd_x                                                                            R6           1

FLASH Allocation [words]
Function                                                                          Address   Size
------------------------------------------------------------------------------------------------
error                                                                             0x00213     94
UnitTest1                                                                         0x00271    196
main                                                                              0x00335    122
ReadFlashBytes                                                                    0x003DD     43
WriteFlashBytes                                                                   0x00431    162
eepromBackup                                                                      0x00548     61
AddressCheck                                                                      0x00585     30
INIT_SPI                                                                          0x005A3     11
xmit_spi                                                                          0x005AE      7
release_spi_G002                                                                  0x005BE      2
send_cmd_G002                                                                     0x005C0     67
disk_initialize                                                                   0x00603    152
disk_readp                                                                        0x0069B     99
disk_writep                                                                       0x006FE    115
mem_set_G003                                                                      0x00771     23
mem_cmp_G003                                                                      0x00788     38
get_fat_G003                                                                      0x007AE    195
clust2sect_G003                                                                   0x00871     61
dir_rewind_G003                                                                   0x008AE     80
dir_next_G003                                                                     0x008FE    122
dir_find_G003                                                                     0x00978     67
dir_read_G003                                                                     0x009BB     66
create_name_G003                                                                  0x009FD    120
get_fileinfo_G003                                                                 0x00A75     97
follow_path_G003                                                                  0x00AD6    112
check_fs_G003                                                                     0x00B46     54
pf_mount                                                                          0x00B7C    291
pf_open                                                                           0x00C9F     69
pf_read                                                                           0x00CE4    239
pf_write                                                                          0x00DD3    274
pf_write512                                                                       0x00EE5    119
pf_lseek                                                                          0x00F5C    229
pf_opendir                                                                        0x01041     48
pf_readdir                                                                        0x01071     59
pf_rename                                                                         0x010AC    186
putchar                                                                           0x01166      7
put_usart_G100                                                                    0x0116D     13
_print_G100                                                                       0x0117A    326
printf                                                                            0x012C0     37
itoa                                                                              0x012E5     46
strcpy                                                                            0x01313     13
strlen                                                                            0x01320     12
strlenf                                                                           0x0132C     16
_lcd_write_nibble_G103                                                            0x0133C     20
_lcd_write_data                                                                   0x01350     12
lcd_gotoxy                                                                        0x0135C     15
lcd_clear                                                                         0x0136B     13
lcd_putchar                                                                       0x01378     26
lcd_puts                                                                          0x01392     17
lcd_putsf                                                                         0x013A3     18
lcd_init                                                                          0x013B5     47
