RAM Allocation [bytes]
Variable                                                                          Address   Size
------------------------------------------------------------------------------------------------
testChar                                                                          0x0500       1

EEPROM Allocation [bytes]
Variable                                                                          Address   Size
------------------------------------------------------------------------------------------------

Register Allocation
Variable                                                                          Register  Size
------------------------------------------------------------------------------------------------
__AddrToZ24ByteToSPMCR_SPM_W_Test                                                 R4,R5        2
__AddrToZ24WordToR1R0ByteToSPMCR_SPM_F_Test                                       R6,R7        2

FLASH Allocation [words]
Function                                                                          Address   Size
------------------------------------------------------------------------------------------------
ReadFlashPage                                                                     0x0F88B     46
WriteFlashPage                                                                    0x0F8EB     90
WriteBufToFlash                                                                   0x0F963      6
LpmReplaceSpm                                                                     0x0F969     92
dospm                                                                             0x0F9C5     22
__AddrToZ24WordToR1R0ByteToSPMCR_SPM_F                                            0x0F9DB     16
__AddrToZ24ByteToSPMCR_SPM_W                                                      0x0F9EB     32
__AddrToZ24ByteToSPMCR_SPM_E                                                      0x0FA0B     32
__AddrToZ24ByteToSPMCR_SPM_EW                                                     0x0FA2B     52
main                                                                              0x0FA5F      5
testWrite                                                                         0x0FA64     71
