RAM Allocation [bytes]
Variable                                                                          Address   Size
------------------------------------------------------------------------------------------------
result                                                                            0x0919       5
sdBuf                                                                             0x091E     512
appStartAdr                                                                       0x0B1E       4
adr                                                                               0x0B22       4
SectorsPerFat                                                                     0x0B26       4
fat_begin_lba                                                                     0x0B2A       4
cluster_begin_lba                                                                 0x0B2E       4
fat_file_adr                                                                      0x0B32       4
fat_file_next_adr                                                                 0x0B36       4
filesize                                                                          0x0B3A       4
readbytes                                                                         0x0B3E       4
bytesChecksum                                                                     0x0B42       2
checksumCnt                                                                       0x0B44       2
Number_of_Reserved_Sectors                                                        0x0B46       2
app_pointer                                                                       0x0B48       2
_base_y                                                                           0x0B4A       4
_lcd_y                                                                            0x0B4E       1
_lcd_maxx                                                                         0x0B4F       1
_seed                                                                             0x0B50       4

EEPROM Allocation [bytes]
Variable                                                                          Address   Size
------------------------------------------------------------------------------------------------

Register Allocation
Variable                                                                          Register  Size
------------------------------------------------------------------------------------------------
__AddrToZ24ByteToSPMCR_SPM_W_Test                                                 R4,R5        2
__AddrToZ24WordToR1R0ByteToSPMCR_SPM_F_Test                                       R6,R7        2
token                                                                             R9           1
SectorsPerCluster                                                                 R8           1
pagesCnt                                                                          R11          1
appPages                                                                          R12,R13      2
_lcd_x                                                                            R10          1

FLASH Allocation [words]
Function                                                                          Address   Size
------------------------------------------------------------------------------------------------
WriteFlashPage                                                                    0x0F0F5     95
WriteBufToFlash                                                                   0x0F170      9
dospmew                                                                           0x0F179     30
dospmw                                                                            0x0F197     22
dospme                                                                            0x0F1AD     22
dospm                                                                             0x0F1C3     22
__AddrToZ24WordToR1R0ByteToSPMCR_SPM_F                                            0x0F1D9     16
__AddrToZ24ByteToSPMCR_SPM_W                                                      0x0F1E9     14
__AddrToZ24ByteToSPMCR_SPM_E                                                      0x0F1F7     14
__AddrToZ24ByteToSPMCR_SPM_EW                                                     0x0F205     14
main                                                                              0x0F213    477
compbuf                                                                           0x0F3F0     22
buf2num                                                                           0x0F406     41
fat_init                                                                          0x0F42F    132
file_open_update                                                                  0x0F4B3    222
SPI_init                                                                          0x0F591      8
SPI_transfer                                                                      0x0F599     10
SD_powerUpSeq                                                                     0x0F5A3     17
SD_command                                                                        0x0F5B4     37
SD_readRes1                                                                       0x0F5D9     20
SD_readRes7                                                                       0x0F5F5     35
SD_sendIfCond                                                                     0x0F618     15
SD_readOCR                                                                        0x0F627     11
SD_sendOpCond                                                                     0x0F63B     18
SD_init                                                                           0x0F64D     62
SD_readSingleBlock                                                                0x0F68B     64
SD_writeSingleBlock                                                               0x0F6CB     76
_lcd_write_nibble_G100                                                            0x0F717     20
_lcd_write_data                                                                   0x0F72B     12
lcd_gotoxy                                                                        0x0F737     15
lcd_clear                                                                         0x0F746     13
lcd_putchar                                                                       0x0F753     26
lcd_putsf                                                                         0x0F76D     28
lcd_init                                                                          0x0F789     47
