RAM Allocation [bytes]
Variable                                                                          Address   Size
------------------------------------------------------------------------------------------------
result                                                                            0x0919       5
sdBuf                                                                             0x091E     512
appStartAdr                                                                       0x0B1E       4
adr                                                                               0x0B22       4
SectorsPerFat                                                                     0x0B26       4
fat_begin_lba                                                                     0x0B2A       4
cluster_begin_lba                                                                 0x0B2E       4
fat_file_adr                                                                      0x0B32       4
fat_file_next_adr                                                                 0x0B36       4
filesize                                                                          0x0B3A       4
readbytes                                                                         0x0B3E       4
bytesChecksum                                                                     0x0B42       2
checksumCnt                                                                       0x0B44       2
Number_of_Reserved_Sectors                                                        0x0B46       2
app_pointer                                                                       0x0B48       2
_base_y                                                                           0x0B4A       4
_lcd_y                                                                            0x0B4E       1
_lcd_maxx                                                                         0x0B4F       1
_seed                                                                             0x0B50       4

EEPROM Allocation [bytes]
Variable                                                                          Address   Size
------------------------------------------------------------------------------------------------

Register Allocation
Variable                                                                          Register  Size
------------------------------------------------------------------------------------------------
__AddrToZ24ByteToSPMCR_SPM_W_Test                                                 R4,R5        2
__AddrToZ24WordToR1R0ByteToSPMCR_SPM_F_Test                                       R6,R7        2
token                                                                             R9           1
SectorsPerCluster                                                                 R8           1
pagesCnt                                                                          R11          1
appPages                                                                          R12,R13      2
_lcd_x                                                                            R10          1

FLASH Allocation [words]
Function                                                                          Address   Size
------------------------------------------------------------------------------------------------
WriteFlashPage                                                                    0x0F121     95
WriteBufToFlash                                                                   0x0F19C      9
dospmew                                                                           0x0F1A5     30
dospmw                                                                            0x0F1C3     22
dospme                                                                            0x0F1D9     22
dospm                                                                             0x0F1EF     22
__AddrToZ24WordToR1R0ByteToSPMCR_SPM_F                                            0x0F205     16
__AddrToZ24ByteToSPMCR_SPM_W                                                      0x0F215     14
__AddrToZ24ByteToSPMCR_SPM_E                                                      0x0F223     14
__AddrToZ24ByteToSPMCR_SPM_EW                                                     0x0F231     14
main                                                                              0x0F23F    487
compbuf                                                                           0x0F426     22
buf2num                                                                           0x0F43C     41
fat_init                                                                          0x0F465    156
file_open_update                                                                  0x0F501    228
SPI_init                                                                          0x0F5E5      8
SPI_transfer                                                                      0x0F5ED     10
SD_powerUpSeq                                                                     0x0F5F7     17
SD_command                                                                        0x0F608     37
SD_readRes1                                                                       0x0F62D     20
SD_readRes7                                                                       0x0F649     35
SD_sendIfCond                                                                     0x0F66C     15
SD_readOCR                                                                        0x0F67B     11
SD_sendOpCond                                                                     0x0F68F     18
SD_init                                                                           0x0F6A1     62
SD_readSingleBlock                                                                0x0F6DF     64
SD_writeSingleBlock                                                               0x0F71F     76
_lcd_write_nibble_G100                                                            0x0F76B     20
_lcd_write_data                                                                   0x0F77F     12
lcd_gotoxy                                                                        0x0F78B     15
lcd_clear                                                                         0x0F79A     13
lcd_putchar                                                                       0x0F7A7     26
lcd_putsf                                                                         0x0F7C1     28
lcd_init                                                                          0x0F7DD     47
