RAM Allocation [bytes]
Variable                                                                          Address   Size
------------------------------------------------------------------------------------------------
result                                                                            0x0912       5
sdBuf                                                                             0x0917     512
appStartAdr                                                                       0x0B17       4
adr                                                                               0x0B1B       4
SectorsPerFat                                                                     0x0B1F       4
fat_begin_lba                                                                     0x0B23       4
cluster_begin_lba                                                                 0x0B27       4
fat_file_adr                                                                      0x0B2B       4
fat_file_next_adr                                                                 0x0B2F       4
filesize                                                                          0x0B33       4
readbytes                                                                         0x0B37       4
bytesChecksum                                                                     0x0B3B       2
checksumCnt                                                                       0x0B3D       2
Number_of_Reserved_Sectors                                                        0x0B3F       2
app_pointer                                                                       0x0B41       2

EEPROM Allocation [bytes]
Variable                                                                          Address   Size
------------------------------------------------------------------------------------------------

Register Allocation
Variable                                                                          Register  Size
------------------------------------------------------------------------------------------------
__AddrToZ24ByteToSPMCR_SPM_W_Test                                                 R4,R5        2
__AddrToZ24WordToR1R0ByteToSPMCR_SPM_F_Test                                       R6,R7        2
token                                                                             R9           1
SectorsPerCluster                                                                 R8           1
pagesCnt                                                                          R11          1
appPages                                                                          R12,R13      2

FLASH Allocation [words]
Function                                                                          Address   Size
------------------------------------------------------------------------------------------------
WriteFlashPage                                                                    0x0F894     95
WriteBufToFlash                                                                   0x0F90F      9
dospmew                                                                           0x0F918     30
dospmw                                                                            0x0F936     22
dospme                                                                            0x0F94C     22
dospm                                                                             0x0F962     22
__AddrToZ24WordToR1R0ByteToSPMCR_SPM_F                                            0x0F978     16
__AddrToZ24ByteToSPMCR_SPM_W                                                      0x0F988     14
__AddrToZ24ByteToSPMCR_SPM_E                                                      0x0F996     14
__AddrToZ24ByteToSPMCR_SPM_EW                                                     0x0F9A4     14
main                                                                              0x0F9B2    395
compbuf                                                                           0x0FB3D     22
buf2num                                                                           0x0FB53     42
fat_init                                                                          0x0FB7D    108
file_open_update                                                                  0x0FBE9    158
SPI_init                                                                          0x0FC87      8
SPI_transfer                                                                      0x0FC8F     10
SD_powerUpSeq                                                                     0x0FC99     16
SD_command                                                                        0x0FCA9     35
SD_readRes1                                                                       0x0FCCC     20
SD_readRes7                                                                       0x0FCE6     32
SD_readOCR                                                                        0x0FD11     13
SD_sendOpCond                                                                     0x0FD26     16
SD_init                                                                           0x0FD36     62
SD_readSingleBlock                                                                0x0FD74     61
SD_writeSingleBlock                                                               0x0FDB1     70
