RAM Allocation [bytes]
Variable                                                                          Address   Size
------------------------------------------------------------------------------------------------
result                                                                            0x091E       5
sdBuf                                                                             0x0923     512
appStartAdr                                                                       0x0B23       4
adr                                                                               0x0B27       4
SectorsPerFat                                                                     0x0B2B       4
fat_begin_lba                                                                     0x0B2F       4
cluster_begin_lba                                                                 0x0B33       4
fat_file_adr                                                                      0x0B37       4
fat_file_next_adr                                                                 0x0B3B       4
filesize                                                                          0x0B3F       4
readbytes                                                                         0x0B43       4
bytesChecksum                                                                     0x0B47       2
checksumCnt                                                                       0x0B49       2
Number_of_Reserved_Sectors                                                        0x0B4B       2
app_pointer                                                                       0x0B4D       2

EEPROM Allocation [bytes]
Variable                                                                          Address   Size
------------------------------------------------------------------------------------------------

Register Allocation
Variable                                                                          Register  Size
------------------------------------------------------------------------------------------------
__AddrToZ24ByteToSPMCR_SPM_W_Test                                                 R4,R5        2
__AddrToZ24WordToR1R0ByteToSPMCR_SPM_F_Test                                       R6,R7        2
token                                                                             R9           1
SectorsPerCluster                                                                 R8           1
pagesCnt                                                                          R11          1
appPages                                                                          R12,R13      2

FLASH Allocation [words]
Function                                                                          Address   Size
------------------------------------------------------------------------------------------------
WriteFlashPage                                                                    0x0F89E     94
WriteBufToFlash                                                                   0x0F916      6
dospmew                                                                           0x0F91C     30
dospmw                                                                            0x0F93A     22
dospme                                                                            0x0F950     22
dospm                                                                             0x0F966     22
__AddrToZ24WordToR1R0ByteToSPMCR_SPM_F                                            0x0F97C     16
__AddrToZ24ByteToSPMCR_SPM_W                                                      0x0F98C     14
__AddrToZ24ByteToSPMCR_SPM_E                                                      0x0F99A     14
__AddrToZ24ByteToSPMCR_SPM_EW                                                     0x0F9A8     14
main                                                                              0x0F9B6    627
compbuf                                                                           0x0FC29     22
buf2num                                                                           0x0FC3F     40
SPI_init                                                                          0x0FC67      8
SPI_transfer                                                                      0x0FC6F      8
SD_powerUpSeq                                                                     0x0FC77     16
SD_command                                                                        0x0FC87     35
SD_readRes1                                                                       0x0FCAA     20
SD_readRes7                                                                       0x0FCC4     32
SD_readOCR                                                                        0x0FCEF     13
SD_sendOpCond                                                                     0x0FD04     16
SD_init                                                                           0x0FD14     62
SD_readSingleBlock                                                                0x0FD52     61
SD_writeSingleBlock                                                               0x0FD8F     70
