RAM Allocation [bytes]
Variable                                                                          Address   Size
------------------------------------------------------------------------------------------------
result                                                                            0x0915       5
sdBuf                                                                             0x091A     512
testBuf                                                                           0x0B1A     256
appStartAdr                                                                       0x0C1A       4
adr                                                                               0x0C1E       4
SectorsPerFat                                                                     0x0C22       4
fat_begin_lba                                                                     0x0C26       4
cluster_begin_lba                                                                 0x0C2A       4
fat_file_adr                                                                      0x0C2E       4
fat_file_next_adr                                                                 0x0C32       4
filesize                                                                          0x0C36       4
readbytes                                                                         0x0C3A       4
bytesChecksum                                                                     0x0C3E       2
checksumCnt                                                                       0x0C40       2
app_pointer                                                                       0x0C42       2

EEPROM Allocation [bytes]
Variable                                                                          Address   Size
------------------------------------------------------------------------------------------------

Register Allocation
Variable                                                                          Register  Size
------------------------------------------------------------------------------------------------
__AddrToZ24ByteToSPMCR_SPM_W_Test                                                 R4,R5        2
__AddrToZ24WordToR1R0ByteToSPMCR_SPM_F_Test                                       R6,R7        2
token                                                                             R9           1
SectorsPerCluster                                                                 R8           1
pagesCnt                                                                          R11          1
appPages                                                                          R12,R13      2

FLASH Allocation [words]
Function                                                                          Address   Size
------------------------------------------------------------------------------------------------
WriteFlashPage                                                                    0x000D3     97
WriteBufToFlash                                                                   0x0014E      6
dospmew                                                                           0x00154     30
dospmw                                                                            0x00172     22
dospme                                                                            0x00188     22
dospm                                                                             0x0019E     22
__AddrToZ24WordToR1R0ByteToSPMCR_SPM_F                                            0x001B4     16
__AddrToZ24ByteToSPMCR_SPM_W                                                      0x001C4     14
__AddrToZ24ByteToSPMCR_SPM_E                                                      0x001D2     14
__AddrToZ24ByteToSPMCR_SPM_EW                                                     0x001E0     14
main                                                                              0x001EE    524
compbuf                                                                           0x003FA     22
errorSD                                                                           0x00410     16
buf2num                                                                           0x00420     42
SPI_init                                                                          0x0044A      8
SPI_transfer                                                                      0x00452      8
SD_powerUpSeq                                                                     0x0045A     17
SD_command                                                                        0x0046B     37
SD_readRes1                                                                       0x00490     20
SD_readRes7                                                                       0x004AC     32
SD_readOCR                                                                        0x004D8     16
SD_sendOpCond                                                                     0x004F1     18
SD_init                                                                           0x00503     62
SD_readSingleBlock                                                                0x00541     94
