RAM Allocation [bytes]
Variable                                                                          Address   Size
------------------------------------------------------------------------------------------------
result                                                                            0x0914       5
sdBuf                                                                             0x0919     512
appStartAdr                                                                       0x0B19       4
adr                                                                               0x0B1D       4
SectorsPerFat                                                                     0x0B21       4
fat_begin_lba                                                                     0x0B25       4
cluster_begin_lba                                                                 0x0B29       4
fat_file_adr                                                                      0x0B2D       4
fat_file_next_adr                                                                 0x0B31       4
filesize                                                                          0x0B35       4
readbytes                                                                         0x0B39       4
bytesChecksum                                                                     0x0B3D       2
checksumCnt                                                                       0x0B3F       2
Number_of_Reserved_Sectors                                                        0x0B41       2
app_pointer                                                                       0x0B43       2

EEPROM Allocation [bytes]
Variable                                                                          Address   Size
------------------------------------------------------------------------------------------------

Register Allocation
Variable                                                                          Register  Size
------------------------------------------------------------------------------------------------
__AddrToZ24ByteToSPMCR_SPM_W_Test                                                 R4,R5        2
__AddrToZ24WordToR1R0ByteToSPMCR_SPM_F_Test                                       R6,R7        2
token                                                                             R9           1
SectorsPerCluster                                                                 R8           1
pagesCnt                                                                          R11          1
appPages                                                                          R12,R13      2

FLASH Allocation [words]
Function                                                                          Address   Size
------------------------------------------------------------------------------------------------
WriteFlashPage                                                                    0x0F099     92
WriteBufToFlash                                                                   0x0F10F      6
dospmew                                                                           0x0F115     30
dospmw                                                                            0x0F133     22
dospme                                                                            0x0F149     22
dospm                                                                             0x0F15F     22
__AddrToZ24WordToR1R0ByteToSPMCR_SPM_F                                            0x0F175     16
__AddrToZ24ByteToSPMCR_SPM_W                                                      0x0F185     14
__AddrToZ24ByteToSPMCR_SPM_E                                                      0x0F193     14
__AddrToZ24ByteToSPMCR_SPM_EW                                                     0x0F1A1     14
main                                                                              0x0F1AF    377
compbuf                                                                           0x0F328     22
buf2num                                                                           0x0F33E     42
fat_init                                                                          0x0F368     97
dir_open                                                                          0x0F3C9     65
file_open_update                                                                  0x0F40A    118
SPI_init                                                                          0x0F480      8
SPI_transfer                                                                      0x0F488      8
SD_powerUpSeq                                                                     0x0F490     16
SD_command                                                                        0x0F4A0     35
SD_readRes1                                                                       0x0F4C3     20
SD_readRes7                                                                       0x0F4DD     32
SD_readOCR                                                                        0x0F508     13
SD_sendOpCond                                                                     0x0F51D     16
SD_init                                                                           0x0F52D     62
SD_readSingleBlock                                                                0x0F56B     61
SD_writeSingleBlock                                                               0x0F5A8     70
